Archive member included to satisfy reference by file (symbol)

E:\Microchip projects\ArduinoSketch1\ArduinoSketch1\ArduinoCore\Debug\libArduinoCore.a(Stream.o)
                              main.o (_ZN6Stream15readStringUntilEc)
E:\Microchip projects\ArduinoSketch1\ArduinoSketch1\ArduinoCore\Debug\libArduinoCore.a(wiring.o)
                              E:\Microchip projects\ArduinoSketch1\ArduinoSketch1\ArduinoCore\Debug\libArduinoCore.a(Stream.o) (millis)
E:\Microchip projects\ArduinoSketch1\ArduinoSketch1\ArduinoCore\Debug\libArduinoCore.a(wiring_analog.o)
                              main.o (analogRead)
E:\Microchip projects\ArduinoSketch1\ArduinoSketch1\ArduinoCore\Debug\libArduinoCore.a(wiring_digital.o)
                              E:\Microchip projects\ArduinoSketch1\ArduinoSketch1\ArduinoCore\Debug\libArduinoCore.a(wiring_analog.o) (pinMode)
E:\Microchip projects\ArduinoSketch1\ArduinoSketch1\ArduinoCore\Debug\libArduinoCore.a(WMath.o)
                              main.o (_Z3maplllll)
E:\Microchip projects\ArduinoSketch1\ArduinoSketch1\ArduinoCore\Debug\libArduinoCore.a(WString.o)
                              main.o (_ZN6StringD1Ev)
E:\Microchip projects\ArduinoSketch1\ArduinoSketch1\ArduinoCore\Debug\libArduinoCore.a(File.o)
                              main.o (_ZN5SDLib4File5writeEPKhj)
E:\Microchip projects\ArduinoSketch1\ArduinoSketch1\ArduinoCore\Debug\libArduinoCore.a(SD.o)
                              main.o (_ZN5SDLib7SDClass5beginEh)
E:\Microchip projects\ArduinoSketch1\ArduinoSketch1\ArduinoCore\Debug\libArduinoCore.a(Sd2Card.o)
                              E:\Microchip projects\ArduinoSketch1\ArduinoSketch1\ArduinoCore\Debug\libArduinoCore.a(SD.o) (_ZN7Sd2Card11setSpiClockEm)
E:\Microchip projects\ArduinoSketch1\ArduinoSketch1\ArduinoCore\Debug\libArduinoCore.a(SdFile.o)
                              E:\Microchip projects\ArduinoSketch1\ArduinoSketch1\ArduinoCore\Debug\libArduinoCore.a(SD.o) (_ZN6SdFile7dirNameERK14directoryEntryPc)
E:\Microchip projects\ArduinoSketch1\ArduinoSketch1\ArduinoCore\Debug\libArduinoCore.a(SdVolume.o)
                              E:\Microchip projects\ArduinoSketch1\ArduinoSketch1\ArduinoCore\Debug\libArduinoCore.a(SdFile.o) (_ZN8SdVolume21cacheMirrorBlockFlushEh)
E:\Microchip projects\ArduinoSketch1\ArduinoSketch1\ArduinoCore\Debug\libArduinoCore.a(SPI.o)
                              E:\Microchip projects\ArduinoSketch1\ArduinoSketch1\ArduinoCore\Debug\libArduinoCore.a(Sd2Card.o) (_ZN8SPIClass5beginEv)
E:\Microchip projects\ArduinoSketch1\ArduinoSketch1\ArduinoCore\Debug\libArduinoCore.a(HardwareSerial.o)
                              E:\Microchip projects\ArduinoSketch1\ArduinoSketch1\ArduinoCore\Debug\libArduinoCore.a(SdFile.o) (_ZN14HardwareSerial5writeEh)
E:\Microchip projects\ArduinoSketch1\ArduinoSketch1\ArduinoCore\Debug\libArduinoCore.a(HardwareSerial0.o)
                              E:\Microchip projects\ArduinoSketch1\ArduinoSketch1\ArduinoCore\Debug\libArduinoCore.a(SdFile.o) (Serial)
E:\Microchip projects\ArduinoSketch1\ArduinoSketch1\ArduinoCore\Debug\libArduinoCore.a(hooks.o)
                              E:\Microchip projects\ArduinoSketch1\ArduinoSketch1\ArduinoCore\Debug\libArduinoCore.a(wiring.o) (yield)
E:\Microchip projects\ArduinoSketch1\ArduinoSketch1\ArduinoCore\Debug\libArduinoCore.a(Print.o)
                              E:\Microchip projects\ArduinoSketch1\ArduinoSketch1\ArduinoCore\Debug\libArduinoCore.a(SdFile.o) (_ZN5Print5writeEPKhj)
E:\Microchip projects\ArduinoSketch1\ArduinoSketch1\ArduinoCore\Debug\libArduinoCore.a(abi.o)
                              E:\Microchip projects\ArduinoSketch1\ArduinoSketch1\ArduinoCore\Debug\libArduinoCore.a(Print.o) (__cxa_pure_virtual)
c:/program files (x86)/atmel/studio/7.0/toolchain/avr8/avr8-gnu-toolchain/bin/../lib/gcc/avr/5.4.0/../../../../avr/lib/avr5\libm.a(addsf3.o)
                              E:\Microchip projects\ArduinoSketch1\ArduinoSketch1\ArduinoCore\Debug\libArduinoCore.a(Print.o) (__subsf3)
c:/program files (x86)/atmel/studio/7.0/toolchain/avr8/avr8-gnu-toolchain/bin/../lib/gcc/avr/5.4.0/../../../../avr/lib/avr5\libm.a(addsf3x.o)
                              c:/program files (x86)/atmel/studio/7.0/toolchain/avr8/avr8-gnu-toolchain/bin/../lib/gcc/avr/5.4.0/../../../../avr/lib/avr5\libm.a(addsf3.o) (__addsf3x)
c:/program files (x86)/atmel/studio/7.0/toolchain/avr8/avr8-gnu-toolchain/bin/../lib/gcc/avr/5.4.0/../../../../avr/lib/avr5\libm.a(cmpsf2.o)
                              E:\Microchip projects\ArduinoSketch1\ArduinoSketch1\ArduinoCore\Debug\libArduinoCore.a(Print.o) (__ltsf2)
c:/program files (x86)/atmel/studio/7.0/toolchain/avr8/avr8-gnu-toolchain/bin/../lib/gcc/avr/5.4.0/../../../../avr/lib/avr5\libm.a(divsf3.o)
                              E:\Microchip projects\ArduinoSketch1\ArduinoSketch1\ArduinoCore\Debug\libArduinoCore.a(Print.o) (__divsf3)
[...]
Memory Configuration

Name             Origin             Length             Attributes
text             0x00000000         0x00008000         xr
data             0x00800100         0x00000800         rw !x
eeprom           0x00810000         0x00000400         rw !x
fuse             0x00820000         0x00000003         rw !x
lock             0x00830000         0x00000400         rw !x
signature        0x00840000         0x00000400         rw !x
user_signatures  0x00850000         0x00000400         rw !x
*default*        0x00000000         0xffffffff

Linker script and memory map

Address of section .data set to 0x800100
LOAD C:/Program Files (x86)/Atmel/Studio/7.0/Packs/atmel/ATmega_DFP/1.6.364/gcc/dev/atmega328p/avr5/crtatmega328p.o
LOAD main.o
START GROUP
LOAD c:/program files (x86)/atmel/studio/7.0/toolchain/avr8/avr8-gnu-toolchain/bin/../lib/gcc/avr/5.4.0/../../../../avr/lib/avr5\libm.a
LOAD E:\Microchip projects\ArduinoSketch1\ArduinoSketch1\ArduinoCore\Debug\libArduinoCore.a
END GROUP
LOAD c:/program files (x86)/atmel/studio/7.0/toolchain/avr8/avr8-gnu-toolchain/bin/../lib/gcc/avr/5.4.0/avr5\libgcc.a
LOAD c:/program files (x86)/atmel/studio/7.0/toolchain/avr8/avr8-gnu-toolchain/bin/../lib/gcc/avr/5.4.0/../../../../avr/lib/avr5\libm.a
START GROUP
LOAD c:/program files (x86)/atmel/studio/7.0/toolchain/avr8/avr8-gnu-toolchain/bin/../lib/gcc/avr/5.4.0/avr5\libgcc.a
LOAD c:/program files (x86)/atmel/studio/7.0/toolchain/avr8/avr8-gnu-toolchain/bin/../lib/gcc/avr/5.4.0/../../../../avr/lib/avr5\libm.a
LOAD c:/program files (x86)/atmel/studio/7.0/toolchain/avr8/avr8-gnu-toolchain/bin/../lib/gcc/avr/5.4.0/../../../../avr/lib/avr5\libc.a
LOAD C:/Program Files (x86)/Atmel/Studio/7.0/Packs/atmel/ATmega_DFP/1.6.364/gcc/dev/atmega328p/avr5\libatmega328p.a
END GROUP
                0x00000000                __TEXT_REGION_ORIGIN__ = DEFINED (__TEXT_REGION_ORIGIN__)?__TEXT_REGION_ORIGIN__:0x0
                [0x00800100]                __DATA_REGION_ORIGIN__ = DEFINED (__DATA_REGION_ORIGIN__)?__DATA_REGION_ORIGIN__:0x800060
                [0x00008000]                __TEXT_REGION_LENGTH__ = DEFINED (__TEXT_REGION_LENGTH__)?__TEXT_REGION_LENGTH__:0x20000
                [0x00000800]                __DATA_REGION_LENGTH__ = DEFINED (__DATA_REGION_LENGTH__)?__DATA_REGION_LENGTH__:0xffa0
                [0x00000400]                __EEPROM_REGION_LENGTH__ = DEFINED (__EEPROM_REGION_LENGTH__)?__EEPROM_REGION_LENGTH__:0x10000
                [0x00000003]                __FUSE_REGION_LENGTH__ = DEFINED (__FUSE_REGION_LENGTH__)?__FUSE_REGION_LENGTH__:0x400
                0x00000400                __LOCK_REGION_LENGTH__ = DEFINED (__LOCK_REGION_LENGTH__)?__LOCK_REGION_LENGTH__:0x400
                0x00000400                __SIGNATURE_REGION_LENGTH__ = DEFINED (__SIGNATURE_REGION_LENGTH__)?__SIGNATURE_REGION_LENGTH__:0x400
                0x00000400                __USER_SIGNATURE_REGION_LENGTH__ = DEFINED (__USER_SIGNATURE_REGION_LENGTH__)?__USER_SIGNATURE_REGION_LENGTH__:0x400

.hash
 *(.hash)

.dynsym
 *(.dynsym)

.dynstr
 *(.dynstr)

.gnu.version
 *(.gnu.version)

.gnu.version_d
 *(.gnu.version_d)

.gnu.version_r
 *(.gnu.version_r)

.rel.init
 *(.rel.init)

.rela.init
 *(.rela.init)

.rel.text
 *(.rel.text)
 *(.rel.text.*)
 *(.rel.gnu.linkonce.t*)

.rela.text
 *(.rela.text)
 *(.rela.text.*)
 *(.rela.gnu.linkonce.t*)

.rel.fini
 *(.rel.fini)

.rela.fini
 *(.rela.fini)

.rel.rodata
 *(.rel.rodata)
 *(.rel.rodata.*)
 *(.rel.gnu.linkonce.r*)

.rela.rodata
 *(.rela.rodata)
 *(.rela.rodata.*)
 *(.rela.gnu.linkonce.r*)

.rel.data
 *(.rel.data)
 *(.rel.data.*)
 *(.rel.gnu.linkonce.d*)

.rela.data
 *(.rela.data)
 *(.rela.data.*)
 *(.rela.gnu.linkonce.d*)

.rel.ctors
 *(.rel.ctors)

.rela.ctors
 *(.rela.ctors)

.rel.dtors
 *(.rel.dtors)

.rela.dtors
 *(.rela.dtors)

.rel.got
 *(.rel.got)

.rela.got
 *(.rela.got)

.rel.bss
 *(.rel.bss)

.rela.bss
 *(.rela.bss)

.rel.plt
 *(.rel.plt)

.rela.plt
 *(.rela.plt)

.text           0x00000000     0x40c0
 *(.vectors)
 .vectors       0x00000000       0x68 C:/Program Files (x86)/Atmel/Studio/7.0/Packs/atmel/ATmega_DFP/1.6.364/gcc/dev/atmega328p/avr5/crtatmega328p.o
                0x00000000                __vector_default
                0x00000000                __vectors
 *(.vectors)
 *(.progmem.gcc*)
                0x00000068                . = ALIGN (0x2)
                0x00000068                __trampolines_start = .
 *(.trampolines)
 .trampolines   0x00000068        0x0 linker stubs
 *(.trampolines*)
                0x00000068                __trampolines_end = .
 *libprintf_flt.a:*(.progmem.data)
 *libc.a:*(.progmem.data)
 *(.progmem*)
 .progmem.data.digital_pin_to_timer_PGM
                0x00000068       0x14 E:\Microchip projects\ArduinoSketch1\ArduinoSketch1\ArduinoCore\Debug\libArduinoCore.a(wiring_digital.o)
                0x00000068                digital_pin_to_timer_PGM
 .progmem.data.digital_pin_to_bit_mask_PGM
                0x0000007c       0x14 E:\Microchip projects\ArduinoSketch1\ArduinoSketch1\ArduinoCore\Debug\libArduinoCore.a(wiring_digital.o)
                0x0000007c                digital_pin_to_bit_mask_PGM
 .progmem.data.digital_pin_to_port_PGM
                0x00000090       0x14 E:\Microchip projects\ArduinoSketch1\ArduinoSketch1\ArduinoCore\Debug\libArduinoCore.a(wiring_digital.o)
                0x00000090                digital_pin_to_port_PGM
 .progmem.data.port_to_output_PGM
                0x000000a4        0xa E:\Microchip projects\ArduinoSketch1\ArduinoSketch1\ArduinoCore\Debug\libArduinoCore.a(wiring_digital.o)
                0x000000a4                port_to_output_PGM
 .progmem.data.port_to_mode_PGM
                0x000000ae        0xa E:\Microchip projects\ArduinoSketch1\ArduinoSketch1\ArduinoCore\Debug\libArduinoCore.a(wiring_digital.o)
                0x000000ae                port_to_mode_PGM
 .progmem.data._ZZN6SdFile10make83NameEPKcPhE3__c
                0x000000b8       0x10 E:\Microchip projects\ArduinoSketch1\ArduinoSketch1\ArduinoCore\Debug\libArduinoCore.a(SdFile.o)
                0x000000c8                . = ALIGN (0x2)
 *(.jumptables)
 *(.jumptables*)
 *(.lowtext)
 *(.lowtext*)
                0x000000c8                __ctors_start = .
 *(.ctors)
 .ctors         0x000000c8        0x2 main.o
 .ctors         0x000000ca        0x2 E:\Microchip projects\ArduinoSketch1\ArduinoSketch1\ArduinoCore\Debug\libArduinoCore.a(SD.o)
 .ctors         0x000000cc        0x2 E:\Microchip projects\ArduinoSketch1\ArduinoSketch1\ArduinoCore\Debug\libArduinoCore.a(Sd2Card.o)
 .ctors         0x000000ce        0x2 E:\Microchip projects\ArduinoSketch1\ArduinoSketch1\ArduinoCore\Debug\libArduinoCore.a(HardwareSerial0.o)
                0x000000d0                __ctors_end = .
                0x000000d0                __dtors_start = .
 *(.dtors)
 .dtors         0x000000d0        0x2 main.o
                0x000000d2                __dtors_end = .
 SORT(*)(.ctors)
 SORT(*)(.dtors)
 *(.init0)
 .init0         0x000000d2        0x0 C:/Program Files (x86)/Atmel/Studio/7.0/Packs/atmel/ATmega_DFP/1.6.364/gcc/dev/atmega328p/avr5/crtatmega328p.o
                0x000000d2                __init
 *(.init0)
 *(.init1)
 *(.init1)
 *(.init2)
 .init2         0x000000d2        0xc C:/Program Files (x86)/Atmel/Studio/7.0/Packs/atmel/ATmega_DFP/1.6.364/gcc/dev/atmega328p/avr5/crtatmega328p.o
 *(.init2)
 *(.init3)
 *(.init3)
 *(.init4)
 .init4         0x000000de       0x16 c:/program files (x86)/atmel/studio/7.0/toolchain/avr8/avr8-gnu-toolchain/bin/../lib/gcc/avr/5.4.0/avr5\libgcc.a(_copy_data.o)
                0x000000de                __do_copy_data
 .init4         0x000000f4       0x10 c:/program files (x86)/atmel/studio/7.0/toolchain/avr8/avr8-gnu-toolchain/bin/../lib/gcc/avr/5.4.0/avr5\libgcc.a(_clear_bss.o)
                0x000000f4                __do_clear_bss
 *(.init4)
 *(.init5)
 *(.init5)
 *(.init6)
 .init6         0x00000104       0x16 c:/program files (x86)/atmel/studio/7.0/toolchain/avr8/avr8-gnu-toolchain/bin/../lib/gcc/avr/5.4.0/avr5\libgcc.a(_ctors.o)
                0x00000104                __do_global_ctors
 *(.init6)
 *(.init7)
 *(.init7)
 *(.init8)
 *(.init8)
 *(.init9)
 .init9         0x0000011a        0x8 C:/Program Files (x86)/Atmel/Studio/7.0/Packs/atmel/ATmega_DFP/1.6.364/gcc/dev/atmega328p/avr5/crtatmega328p.o
 *(.init9)
 *(.text)
 .text          0x00000122        0x4 C:/Program Files (x86)/Atmel/Studio/7.0/Packs/atmel/ATmega_DFP/1.6.364/gcc/dev/atmega328p/avr5/crtatmega328p.o
                0x00000122                __vector_22
                0x00000122                __vector_1
                0x00000122                __vector_24
                0x00000122                __vector_12
                0x00000122                __bad_interrupt
                0x00000122                __vector_6
                0x00000122                __vector_3
                0x00000122                __vector_23
                0x00000122                __vector_25
                0x00000122                __vector_11
                0x00000122                __vector_13
                0x00000122                __vector_17
                0x00000122                __vector_7
                0x00000122                __vector_5
                0x00000122                __vector_4
                0x00000122                __vector_9
                0x00000122                __vector_2
                0x00000122                __vector_21
                0x00000122                __vector_15
                0x00000122                __vector_8
                0x00000122                __vector_14
                0x00000122                __vector_10
                0x00000122                __vector_20
                0x00000126                . = ALIGN (0x2)
 *(.text.*)
 .text._Z8i2c_initv
                0x00000126       0x12 main.o
                0x00000126                _Z8i2c_initv
 .text._Z9i2c_startv
                0x00000138       0x10 main.o
                0x00000138                _Z9i2c_startv
 .text._Z9i2c_writec
                0x00000148       0x14 main.o
                0x00000148                _Z9i2c_writec
 .text._Z6togglev
                0x0000015c       0x32 main.o
                0x0000015c                _Z6togglev
 .text._Z10lcd_cmd_hfc
                0x0000018e       0x4e main.o
                0x0000018e                _Z10lcd_cmd_hfc
 .text._Z7lcd_cmdc
                0x000001dc       0x92 main.o
                0x000001dc                _Z7lcd_cmdc
 .text._Z7lcd_dwrc
                0x0000026e       0x92 main.o
                0x0000026e                _Z7lcd_dwrc
 .text._Z8lcd_initv
                0x00000300       0x30 main.o
                0x00000300                _Z8lcd_initv
 .text._Z7lcd_msgPc
                0x00000330       0x18 main.o
                0x00000330                _Z7lcd_msgPc
 .text._ZN5SDLib4FileaSEOS0_
                0x00000348       0x62 main.o
                0x00000348                _ZN5SDLib4FileaSEOS0_
 .text._Z8Navigatev
                0x000003aa       0x36 main.o
                0x000003aa                _Z8Navigatev
 .text._Z4Menuv
                0x000003e0       0x38 main.o
                0x000003e0                _Z4Menuv
 .text._Z13PlayBackAudiov
                0x00000418       0x38 main.o
                0x00000418                _Z13PlayBackAudiov
 .text._Z11DeleteAudiov
                0x00000450       0x38 main.o
                0x00000450                _Z11DeleteAudiov
 .text._Z9PlayClipIv
                0x00000488       0xae main.o
                0x00000488                _Z9PlayClipIv
 .text._Z11DeleteClipIv
                0x00000536       0x58 main.o
                0x00000536                _Z11DeleteClipIv
 .text._Z12DeleteClipIIv
                0x0000058e       0x40 main.o
                0x0000058e                _Z12DeleteClipIIv
 .text._Z4Backv
                0x000005ce       0x36 main.o
                0x000005ce                _Z4Backv
 .text.startup._GLOBAL__sub_I__Z8i2c_initv
                0x00000604       0x34 main.o
 .text.exit._GLOBAL__sub_D__Z8i2c_initv
                0x00000638       0x18 main.o
 .text._Z10PlayClipIIv
                0x00000650      0x18c main.o
                0x00000650                _Z10PlayClipIIv
 .text._Z9Recordingv
                0x000007dc      0x206 main.o
                0x000007dc                _Z9Recordingv
 .text.startup.main
                0x000009e2       0xf6 main.o
                0x000009e2                main
 .text._ZN6Stream9timedReadEv
                0x00000ad8       0x60 E:\Microchip projects\ArduinoSketch1\ArduinoSketch1\ArduinoCore\Debug\libArduinoCore.a(Stream.o)
                0x00000ad8                _ZN6Stream9timedReadEv
 .text._ZN6Stream15readStringUntilEc
                0x00000b38       0x4c E:\Microchip projects\ArduinoSketch1\ArduinoSketch1\ArduinoCore\Debug\libArduinoCore.a(Stream.o)
                0x00000b38                _ZN6Stream15readStringUntilEc
 .text.__vector_16
                0x00000b84       0x94 E:\Microchip projects\ArduinoSketch1\ArduinoSketch1\ArduinoCore\Debug\libArduinoCore.a(wiring.o)
                0x00000b84                __vector_16
 .text.millis   0x00000c18       0x18 E:\Microchip projects\ArduinoSketch1\ArduinoSketch1\ArduinoCore\Debug\libArduinoCore.a(wiring.o)
                0x00000c18                millis
 .text.analogRead
                0x00000c30       0x3a E:\Microchip projects\ArduinoSketch1\ArduinoSketch1\ArduinoCore\Debug\libArduinoCore.a(wiring_analog.o)
                0x00000c30                analogRead
 .text.turnOffPWM
                0x00000c6a       0x52 E:\Microchip projects\ArduinoSketch1\ArduinoSketch1\ArduinoCore\Debug\libArduinoCore.a(wiring_digital.o)
 .text.pinMode  0x00000cbc       0x78 E:\Microchip projects\ArduinoSketch1\ArduinoSketch1\ArduinoCore\Debug\libArduinoCore.a(wiring_digital.o)
                0x00000cbc                pinMode
 .text.digitalWrite
                0x00000d34       0x5e E:\Microchip projects\ArduinoSketch1\ArduinoSketch1\ArduinoCore\Debug\libArduinoCore.a(wiring_digital.o)
                0x00000d34                digitalWrite
 .text._Z3maplllll
                0x00000d92       0x82 E:\Microchip projects\ArduinoSketch1\ArduinoSketch1\ArduinoCore\Debug\libArduinoCore.a(WMath.o)
                0x00000d92                _Z3maplllll
 .text._ZNK6String14StringIfHelperEv
                0x00000e14        0x2 E:\Microchip projects\ArduinoSketch1\ArduinoSketch1\ArduinoCore\Debug\libArduinoCore.a(WString.o)
                0x00000e14                _ZNK6String14StringIfHelperEv
 .text._ZN6StringD2Ev
                0x00000e16       0x10 E:\Microchip projects\ArduinoSketch1\ArduinoSketch1\ArduinoCore\Debug\libArduinoCore.a(WString.o)
                0x00000e16                _ZN6StringD2Ev
                0x00000e16                _ZN6StringD1Ev
 .text._ZN6String10invalidateEv
                0x00000e26       0x24 E:\Microchip projects\ArduinoSketch1\ArduinoSketch1\ArduinoCore\Debug\libArduinoCore.a(WString.o)
                0x00000e26                _ZN6String10invalidateEv
 .text._ZN6String12changeBufferEj
                0x00000e4a       0x34 E:\Microchip projects\ArduinoSketch1\ArduinoSketch1\ArduinoCore\Debug\libArduinoCore.a(WString.o)
                0x00000e4a                _ZN6String12changeBufferEj
 .text._ZN6String7reserveEj
                0x00000e7e       0x38 E:\Microchip projects\ArduinoSketch1\ArduinoSketch1\ArduinoCore\Debug\libArduinoCore.a(WString.o)
                0x00000e7e                _ZN6String7reserveEj
 .text._ZN6String4copyEPKcj
                0x00000eb6       0x42 E:\Microchip projects\ArduinoSketch1\ArduinoSketch1\ArduinoCore\Debug\libArduinoCore.a(WString.o)
                0x00000eb6                _ZN6String4copyEPKcj
 .text._ZN6StringC2EPKc
                0x00000ef8       0x2a E:\Microchip projects\ArduinoSketch1\ArduinoSketch1\ArduinoCore\Debug\libArduinoCore.a(WString.o)
                0x00000ef8                _ZN6StringC2EPKc
                0x00000ef8                _ZN6StringC1EPKc
 .text._ZN6String4moveERS_
                0x00000f22       0x7a E:\Microchip projects\ArduinoSketch1\ArduinoSketch1\ArduinoCore\Debug\libArduinoCore.a(WString.o)
                0x00000f22                _ZN6String4moveERS_
 .text._ZN6StringaSEOS_
                0x00000f9c       0x18 E:\Microchip projects\ArduinoSketch1\ArduinoSketch1\ArduinoCore\Debug\libArduinoCore.a(WString.o)
                0x00000f9c                _ZN6StringaSEOS_
 .text._ZN6StringaSEPKc
                0x00000fb4       0x2e E:\Microchip projects\ArduinoSketch1\ArduinoSketch1\ArduinoCore\Debug\libArduinoCore.a(WString.o)
                0x00000fb4                _ZN6StringaSEPKc
 .text._ZN6String6concatEPKcj
                0x00000fe2       0x5c E:\Microchip projects\ArduinoSketch1\ArduinoSketch1\ArduinoCore\Debug\libArduinoCore.a(WString.o)
                0x00000fe2                _ZN6String6concatEPKcj
 .text._ZN6String6concatEc
                0x0000103e       0x26 E:\Microchip projects\ArduinoSketch1\ArduinoSketch1\ArduinoCore\Debug\libArduinoCore.a(WString.o)
                0x0000103e                _ZN6String6concatEc
 .text._ZN6String6concatEi
                0x00001064       0x60 E:\Microchip projects\ArduinoSketch1\ArduinoSketch1\ArduinoCore\Debug\libArduinoCore.a(WString.o)
                0x00001064                _ZN6String6concatEi
 .text._ZN6StringixEj
                0x000010c4       0x24 E:\Microchip projects\ArduinoSketch1\ArduinoSketch1\ArduinoCore\Debug\libArduinoCore.a(WString.o)
                0x000010c4                _ZN6StringixEj
 .text._ZNK6String5toIntEv
                0x000010e8       0x16 E:\Microchip projects\ArduinoSketch1\ArduinoSketch1\ArduinoCore\Debug\libArduinoCore.a(WString.o)
                0x000010e8                _ZNK6String5toIntEv
 .text._ZN5Print5flushEv
                0x000010fe        0x2 E:\Microchip projects\ArduinoSketch1\ArduinoSketch1\ArduinoCore\Debug\libArduinoCore.a(File.o)
                0x000010fe                _ZN5Print5flushEv
 .text._ZN5SDLib4File5writeEh
                0x00001100       0x2c E:\Microchip projects\ArduinoSketch1\ArduinoSketch1\ArduinoCore\Debug\libArduinoCore.a(File.o)
                0x00001100                _ZN5SDLib4File5writeEh
 .text._ZN5SDLib4File17availableForWriteEv
                0x0000112c       0x22 E:\Microchip projects\ArduinoSketch1\ArduinoSketch1\ArduinoCore\Debug\libArduinoCore.a(File.o)
                0x0000112c                _ZN5SDLib4File17availableForWriteEv
 .text._ZN5SDLib4File5writeEPKhj
                0x0000114e       0x38 E:\Microchip projects\ArduinoSketch1\ArduinoSketch1\ArduinoCore\Debug\libArduinoCore.a(File.o)
                0x0000114e                _ZN5SDLib4File5writeEPKhj
 .text._ZN5SDLib4File5flushEv
                0x00001186       0x12 E:\Microchip projects\ArduinoSketch1\ArduinoSketch1\ArduinoCore\Debug\libArduinoCore.a(File.o)
                0x00001186                _ZN5SDLib4File5flushEv
 .text._ZN6SdFile4readEv
                0x00001198       0x2e E:\Microchip projects\ArduinoSketch1\ArduinoSketch1\ArduinoCore\Debug\libArduinoCore.a(File.o)
                0x00001198                _ZN6SdFile4readEv
 .text._ZN5SDLib4File4readEv
                0x000011c6       0x14 E:\Microchip projects\ArduinoSketch1\ArduinoSketch1\ArduinoCore\Debug\libArduinoCore.a(File.o)
                0x000011c6                _ZN5SDLib4File4readEv
 .text._ZN5SDLib4File4peekEv
                0x000011da       0x54 E:\Microchip projects\ArduinoSketch1\ArduinoSketch1\ArduinoCore\Debug\libArduinoCore.a(File.o)
                0x000011da                _ZN5SDLib4File4peekEv
 .text._ZN5SDLib4FileC2E6SdFilePKc
                0x0000122e       0x6a E:\Microchip projects\ArduinoSketch1\ArduinoSketch1\ArduinoCore\Debug\libArduinoCore.a(File.o)
                0x0000122e                _ZN5SDLib4FileC1E6SdFilePKc
                0x0000122e                _ZN5SDLib4FileC2E6SdFilePKc
 .text._ZN5SDLib4FileC2Ev
                0x00001298       0x26 E:\Microchip projects\ArduinoSketch1\ArduinoSketch1\ArduinoCore\Debug\libArduinoCore.a(File.o)
                0x00001298                _ZN5SDLib4FileC2Ev
                0x00001298                _ZN5SDLib4FileC1Ev
 .text._ZN5SDLib4File8positionEv
                0x000012be       0x20 E:\Microchip projects\ArduinoSketch1\ArduinoSketch1\ArduinoCore\Debug\libArduinoCore.a(File.o)
                0x000012be                _ZN5SDLib4File8positionEv
 .text._ZN5SDLib4File4sizeEv
                0x000012de       0x20 E:\Microchip projects\ArduinoSketch1\ArduinoSketch1\ArduinoCore\Debug\libArduinoCore.a(File.o)
                0x000012de                _ZN5SDLib4File4sizeEv
 .text._ZN5SDLib4File9availableEv
                0x000012fe       0x5e E:\Microchip projects\ArduinoSketch1\ArduinoSketch1\ArduinoCore\Debug\libArduinoCore.a(File.o)
                0x000012fe                _ZN5SDLib4File9availableEv
 .text._ZN5SDLib4File5closeEv
                0x0000135c       0x24 E:\Microchip projects\ArduinoSketch1\ArduinoSketch1\ArduinoCore\Debug\libArduinoCore.a(File.o)
                0x0000135c                _ZN5SDLib4File5closeEv
 .text._ZN5SDLib4FilecvbEv
                0x00001380       0x1a E:\Microchip projects\ArduinoSketch1\ArduinoSketch1\ArduinoCore\Debug\libArduinoCore.a(File.o)
                0x00001380                _ZN5SDLib4FilecvbEv
 .text._ZN8SdVolume4initEP7Sd2Card
                0x0000139a       0x34 E:\Microchip projects\ArduinoSketch1\ArduinoSketch1\ArduinoCore\Debug\libArduinoCore.a(SD.o)
                0x0000139a                _ZN8SdVolume4initEP7Sd2Card
 .text._ZN5SDLib7SDClass5beginEh
                0x000013ce       0x58 E:\Microchip projects\ArduinoSketch1\ArduinoSketch1\ArduinoCore\Debug\libArduinoCore.a(SD.o)
                0x000013ce                _ZN5SDLib7SDClass5beginEh
 .text._ZN6SdFileC2ERKS_
                0x00001426       0xa2 E:\Microchip projects\ArduinoSketch1\ArduinoSketch1\ArduinoCore\Debug\libArduinoCore.a(SD.o)
                0x00001426                _ZN6SdFileC1ERKS_
                0x00001426                _ZN6SdFileC2ERKS_
 .text._ZN5SDLib7SDClass12getParentDirEPKcPi
                0x000014c8      0x14a E:\Microchip projects\ArduinoSketch1\ArduinoSketch1\ArduinoCore\Debug\libArduinoCore.a(SD.o)
                0x000014c8                _ZN5SDLib7SDClass12getParentDirEPKcPi
 .text._ZN5SDLib7SDClass4openEPKch
                0x00001612       0xee E:\Microchip projects\ArduinoSketch1\ArduinoSketch1\ArduinoCore\Debug\libArduinoCore.a(SD.o)
                0x00001612                _ZN5SDLib7SDClass4openEPKch
 .text.startup._GLOBAL__sub_I__ZN5SDLib20getNextPathComponentEPKcPjPc
                0x00001700       0x2e E:\Microchip projects\ArduinoSketch1\ArduinoSketch1\ArduinoCore\Debug\libArduinoCore.a(SD.o)
 .text._ZN8SPIClass14endTransactionEv.part.3
                0x0000172e       0x1a E:\Microchip projects\ArduinoSketch1\ArduinoSketch1\ArduinoCore\Debug\libArduinoCore.a(Sd2Card.o)
 .text._ZN11SPISettingsC2Emhh
                0x00001748       0x4a E:\Microchip projects\ArduinoSketch1\ArduinoSketch1\ArduinoCore\Debug\libArduinoCore.a(Sd2Card.o)
                0x00001748                _ZN11SPISettingsC1Emhh
                0x00001748                _ZN11SPISettingsC2Emhh
 .text._ZN8SPIClass16beginTransactionE11SPISettings
                0x00001792       0x34 E:\Microchip projects\ArduinoSketch1\ArduinoSketch1\ArduinoCore\Debug\libArduinoCore.a(Sd2Card.o)
                0x00001792                _ZN8SPIClass16beginTransactionE11SPISettings
 .text._ZN8SPIClass8transferEh
                0x000017c6        0xe E:\Microchip projects\ArduinoSketch1\ArduinoSketch1\ArduinoCore\Debug\libArduinoCore.a(Sd2Card.o)
                0x000017c6                _ZN8SPIClass8transferEh
 .text._ZL6spiRecv
                0x000017d4        0x6 E:\Microchip projects\ArduinoSketch1\ArduinoSketch1\ArduinoCore\Debug\libArduinoCore.a(Sd2Card.o)
 .text._ZN7Sd2Card14chipSelectHighEv
                0x000017da       0x22 E:\Microchip projects\ArduinoSketch1\ArduinoSketch1\ArduinoCore\Debug\libArduinoCore.a(Sd2Card.o)
                0x000017da                _ZN7Sd2Card14chipSelectHighEv
 .text._ZN7Sd2Card13chipSelectLowEv
                0x000017fc       0x2c E:\Microchip projects\ArduinoSketch1\ArduinoSketch1\ArduinoCore\Debug\libArduinoCore.a(Sd2Card.o)
                0x000017fc                _ZN7Sd2Card13chipSelectLowEv
 .text._ZN7Sd2Card7readEndEv
                0x00001828       0x34 E:\Microchip projects\ArduinoSketch1\ArduinoSketch1\ArduinoCore\Debug\libArduinoCore.a(Sd2Card.o)
                0x00001828                _ZN7Sd2Card7readEndEv
 .text._ZN7Sd2Card10setSckRateEh
                0x0000185c       0xb4 E:\Microchip projects\ArduinoSketch1\ArduinoSketch1\ArduinoCore\Debug\libArduinoCore.a(Sd2Card.o)
                0x0000185c                _ZN7Sd2Card10setSckRateEh
 .text._ZN7Sd2Card11waitNotBusyEj
                0x00001910       0x36 E:\Microchip projects\ArduinoSketch1\ArduinoSketch1\ArduinoCore\Debug\libArduinoCore.a(Sd2Card.o)
                0x00001910                _ZN7Sd2Card11waitNotBusyEj
 .text._ZN7Sd2Card11cardCommandEhm
                0x00001946       0x9e E:\Microchip projects\ArduinoSketch1\ArduinoSketch1\ArduinoCore\Debug\libArduinoCore.a(Sd2Card.o)
                0x00001946                _ZN7Sd2Card11cardCommandEhm
 .text._ZN7Sd2Card4initEhh
                0x000019e4      0x1b2 E:\Microchip projects\ArduinoSketch1\ArduinoSketch1\ArduinoCore\Debug\libArduinoCore.a(Sd2Card.o)
                0x000019e4                _ZN7Sd2Card4initEhh
 .text._ZN7Sd2Card14waitStartBlockEv
                0x00001b96       0x4a E:\Microchip projects\ArduinoSketch1\ArduinoSketch1\ArduinoCore\Debug\libArduinoCore.a(Sd2Card.o)
                0x00001b96                _ZN7Sd2Card14waitStartBlockEv
 .text._ZN7Sd2Card8readDataEmjjPh.part.6
                0x00001be0       0xf8 E:\Microchip projects\ArduinoSketch1\ArduinoSketch1\ArduinoCore\Debug\libArduinoCore.a(Sd2Card.o)
 .text._ZN7Sd2Card8readDataEmjjPh
                0x00001cd8       0x20 E:\Microchip projects\ArduinoSketch1\ArduinoSketch1\ArduinoCore\Debug\libArduinoCore.a(Sd2Card.o)
                0x00001cd8                _ZN7Sd2Card8readDataEmjjPh
 .text._ZN7Sd2Card9readBlockEmPh
                0x00001cf8       0x20 E:\Microchip projects\ArduinoSketch1\ArduinoSketch1\ArduinoCore\Debug\libArduinoCore.a(Sd2Card.o)
                0x00001cf8                _ZN7Sd2Card9readBlockEmPh
 .text._ZN7Sd2Card9writeDataEhPKh
                0x00001d18       0x60 E:\Microchip projects\ArduinoSketch1\ArduinoSketch1\ArduinoCore\Debug\libArduinoCore.a(Sd2Card.o)
                0x00001d18                _ZN7Sd2Card9writeDataEhPKh
 .text._ZN7Sd2Card10writeBlockEmPKhh
                0x00001d78       0xa4 E:\Microchip projects\ArduinoSketch1\ArduinoSketch1\ArduinoCore\Debug\libArduinoCore.a(Sd2Card.o)
                0x00001d78                _ZN7Sd2Card10writeBlockEmPKhh
 .text._ZN7Sd2Card6isBusyEv
                0x00001e1c       0x28 E:\Microchip projects\ArduinoSketch1\ArduinoSketch1\ArduinoCore\Debug\libArduinoCore.a(Sd2Card.o)
                0x00001e1c                _ZN7Sd2Card6isBusyEv
 .text.startup._GLOBAL__sub_I__ZN7Sd2Card11cardCommandEhm
                0x00001e44        0xc E:\Microchip projects\ArduinoSketch1\ArduinoSketch1\ArduinoCore\Debug\libArduinoCore.a(Sd2Card.o)
 .text._ZN6SdFile10addClusterEv
                0x00001e50       0x54 E:\Microchip projects\ArduinoSketch1\ArduinoSketch1\ArduinoCore\Debug\libArduinoCore.a(SdFile.o)
                0x00001e50                _ZN6SdFile10addClusterEv
 .text._ZN6SdFile13addDirClusterEv
                0x00001ea4       0xc0 E:\Microchip projects\ArduinoSketch1\ArduinoSketch1\ArduinoCore\Debug\libArduinoCore.a(SdFile.o)
                0x00001ea4                _ZN6SdFile13addDirClusterEv
 .text._ZN6SdFile13cacheDirEntryEh
                0x00001f64       0x32 E:\Microchip projects\ArduinoSketch1\ArduinoSketch1\ArduinoCore\Debug\libArduinoCore.a(SdFile.o)
                0x00001f64                _ZN6SdFile13cacheDirEntryEh
 .text._ZN6SdFile10make83NameEPKcPh
                0x00001f96       0x72 E:\Microchip projects\ArduinoSketch1\ArduinoSketch1\ArduinoCore\Debug\libArduinoCore.a(SdFile.o)
                0x00001f96                _ZN6SdFile10make83NameEPKcPh
 .text._ZN6SdFile8openRootEP8SdVolume
                0x00002008       0xa2 E:\Microchip projects\ArduinoSketch1\ArduinoSketch1\ArduinoCore\Debug\libArduinoCore.a(SdFile.o)
                0x00002008                _ZN6SdFile8openRootEP8SdVolume
 .text._ZN6SdFile4readEPvj
                0x000020aa      0x20a E:\Microchip projects\ArduinoSketch1\ArduinoSketch1\ArduinoCore\Debug\libArduinoCore.a(SdFile.o)
                0x000020aa                _ZN6SdFile4readEPvj
 .text._ZN6SdFile12readDirCacheEv
                0x000022b4       0x92 E:\Microchip projects\ArduinoSketch1\ArduinoSketch1\ArduinoCore\Debug\libArduinoCore.a(SdFile.o)
                0x000022b4                _ZN6SdFile12readDirCacheEv
 .text._ZN6SdFile7seekSetEm
                0x00002346      0x12e E:\Microchip projects\ArduinoSketch1\ArduinoSketch1\ArduinoCore\Debug\libArduinoCore.a(SdFile.o)
                0x00002346                _ZN6SdFile7seekSetEm
 .text._ZN6SdFile4syncEh
                0x00002474       0xa6 E:\Microchip projects\ArduinoSketch1\ArduinoSketch1\ArduinoCore\Debug\libArduinoCore.a(SdFile.o)
                0x00002474                _ZN6SdFile4syncEh
 .text._ZN6SdFile5closeEv
                0x0000251a       0x1a E:\Microchip projects\ArduinoSketch1\ArduinoSketch1\ArduinoCore\Debug\libArduinoCore.a(SdFile.o)
                0x0000251a                _ZN6SdFile5closeEv
 .text._ZN6SdFile17availableForWriteEv
                0x00002534       0xa0 E:\Microchip projects\ArduinoSketch1\ArduinoSketch1\ArduinoCore\Debug\libArduinoCore.a(SdFile.o)
                0x00002534                _ZN6SdFile17availableForWriteEv
 .text._ZN6SdFile8truncateEm
                0x000025d4      0x16a E:\Microchip projects\ArduinoSketch1\ArduinoSketch1\ArduinoCore\Debug\libArduinoCore.a(SdFile.o)
                0x000025d4                _ZN6SdFile8truncateEm
 .text._ZN6SdFile15openCachedEntryEhh
                0x0000273e       0xd0 E:\Microchip projects\ArduinoSketch1\ArduinoSketch1\ArduinoCore\Debug\libArduinoCore.a(SdFile.o)
                0x0000273e                _ZN6SdFile15openCachedEntryEhh
 .text._ZN6SdFile4openEPS_PKch
                0x0000280e      0x1da E:\Microchip projects\ArduinoSketch1\ArduinoSketch1\ArduinoCore\Debug\libArduinoCore.a(SdFile.o)
                0x0000280e                _ZN6SdFile4openEPS_PKch
 .text._ZN6SdFile5writeEPKvj
                0x000029e8      0x34e E:\Microchip projects\ArduinoSketch1\ArduinoSketch1\ArduinoCore\Debug\libArduinoCore.a(SdFile.o)
                0x000029e8                _ZN6SdFile5writeEPKvj
 .text._ZN6SdFile5writeEh
                0x00002d36       0x22 E:\Microchip projects\ArduinoSketch1\ArduinoSketch1\ArduinoCore\Debug\libArduinoCore.a(SdFile.o)
                0x00002d36                _ZN6SdFile5writeEh
 .text._ZN8SdVolume21cacheMirrorBlockFlushEh
                0x00002d58       0x48 E:\Microchip projects\ArduinoSketch1\ArduinoSketch1\ArduinoCore\Debug\libArduinoCore.a(SdVolume.o)
                0x00002d58                _ZN8SdVolume21cacheMirrorBlockFlushEh
 .text._ZN8SdVolume10cacheFlushEh
                0x00002da0       0x52 E:\Microchip projects\ArduinoSketch1\ArduinoSketch1\ArduinoCore\Debug\libArduinoCore.a(SdVolume.o)
                0x00002da0                _ZN8SdVolume10cacheFlushEh
 .text._ZN8SdVolume13cacheRawBlockEmh
                0x00002df2       0x78 E:\Microchip projects\ArduinoSketch1\ArduinoSketch1\ArduinoCore\Debug\libArduinoCore.a(SdVolume.o)
                0x00002df2                _ZN8SdVolume13cacheRawBlockEmh
 .text._ZN8SdVolume14cacheZeroBlockEm
                0x00002e6a       0x4a E:\Microchip projects\ArduinoSketch1\ArduinoSketch1\ArduinoCore\Debug\libArduinoCore.a(SdVolume.o)
                0x00002e6a                _ZN8SdVolume14cacheZeroBlockEm
 .text._ZNK8SdVolume6fatGetEmPm
                0x00002eb4      0x106 E:\Microchip projects\ArduinoSketch1\ArduinoSketch1\ArduinoCore\Debug\libArduinoCore.a(SdVolume.o)
                0x00002eb4                _ZNK8SdVolume6fatGetEmPm
 .text._ZNK8SdVolume9chainSizeEmPm
                0x00002fba       0xd2 E:\Microchip projects\ArduinoSketch1\ArduinoSketch1\ArduinoCore\Debug\libArduinoCore.a(SdVolume.o)
                0x00002fba                _ZNK8SdVolume9chainSizeEmPm
 .text._ZN8SdVolume6fatPutEmm
                0x0000308c      0x142 E:\Microchip projects\ArduinoSketch1\ArduinoSketch1\ArduinoCore\Debug\libArduinoCore.a(SdVolume.o)
                0x0000308c                _ZN8SdVolume6fatPutEmm
 .text._ZN8SdVolume15allocContiguousEmPm
                0x000031ce      0x22a E:\Microchip projects\ArduinoSketch1\ArduinoSketch1\ArduinoCore\Debug\libArduinoCore.a(SdVolume.o)
                0x000031ce                _ZN8SdVolume15allocContiguousEmPm
 .text._ZN8SdVolume9freeChainEm
                0x000033f8       0xac E:\Microchip projects\ArduinoSketch1\ArduinoSketch1\ArduinoCore\Debug\libArduinoCore.a(SdVolume.o)
                0x000033f8                _ZN8SdVolume9freeChainEm
 .text._ZN8SdVolume4initEP7Sd2Cardh
                0x000034a4      0x22e E:\Microchip projects\ArduinoSketch1\ArduinoSketch1\ArduinoCore\Debug\libArduinoCore.a(SdVolume.o)
                0x000034a4                _ZN8SdVolume4initEP7Sd2Cardh
 .text._ZN8SPIClass5beginEv
                0x000036d2       0x6c E:\Microchip projects\ArduinoSketch1\ArduinoSketch1\ArduinoCore\Debug\libArduinoCore.a(SPI.o)
                0x000036d2                _ZN8SPIClass5beginEv
 .text._ZN14HardwareSerial9availableEv
                0x0000373e       0x18 E:\Microchip projects\ArduinoSketch1\ArduinoSketch1\ArduinoCore\Debug\libArduinoCore.a(HardwareSerial.o)
                0x0000373e                _ZN14HardwareSerial9availableEv
 .text._ZN14HardwareSerial4peekEv
                0x00003756       0x1c E:\Microchip projects\ArduinoSketch1\ArduinoSketch1\ArduinoCore\Debug\libArduinoCore.a(HardwareSerial.o)
                0x00003756                _ZN14HardwareSerial4peekEv
 .text._ZN14HardwareSerial4readEv
                0x00003772       0x28 E:\Microchip projects\ArduinoSketch1\ArduinoSketch1\ArduinoCore\Debug\libArduinoCore.a(HardwareSerial.o)
                0x00003772                _ZN14HardwareSerial4readEv
 .text._ZN14HardwareSerial17availableForWriteEv
                0x0000379a       0x1e E:\Microchip projects\ArduinoSketch1\ArduinoSketch1\ArduinoCore\Debug\libArduinoCore.a(HardwareSerial.o)
                0x0000379a                _ZN14HardwareSerial17availableForWriteEv
 .text._ZN14HardwareSerial17_tx_udr_empty_irqEv
                0x000037b8       0x44 E:\Microchip projects\ArduinoSketch1\ArduinoSketch1\ArduinoCore\Debug\libArduinoCore.a(HardwareSerial.o)
                0x000037b8                _ZN14HardwareSerial17_tx_udr_empty_irqEv
 .text._ZN14HardwareSerial5writeEh
                0x000037fc       0x9a E:\Microchip projects\ArduinoSketch1\ArduinoSketch1\ArduinoCore\Debug\libArduinoCore.a(HardwareSerial.o)
                0x000037fc                _ZN14HardwareSerial5writeEh
 .text._ZN14HardwareSerial5flushEv
                0x00003896       0x44 E:\Microchip projects\ArduinoSketch1\ArduinoSketch1\ArduinoCore\Debug\libArduinoCore.a(HardwareSerial.o)
                0x00003896                _ZN14HardwareSerial5flushEv
 .text.__vector_18
                0x000038da       0x64 E:\Microchip projects\ArduinoSketch1\ArduinoSketch1\ArduinoCore\Debug\libArduinoCore.a(HardwareSerial0.o)
                0x000038da                __vector_18
 .text.__vector_19
                0x0000393e       0x4c E:\Microchip projects\ArduinoSketch1\ArduinoSketch1\ArduinoCore\Debug\libArduinoCore.a(HardwareSerial0.o)
                0x0000393e                __vector_19
 .text.startup._GLOBAL__sub_I___vector_18
                0x0000398a       0x5a E:\Microchip projects\ArduinoSketch1\ArduinoSketch1\ArduinoCore\Debug\libArduinoCore.a(HardwareSerial0.o)
 .text._ZN5Print5writeEPKhj
                0x000039e4       0x54 E:\Microchip projects\ArduinoSketch1\ArduinoSketch1\ArduinoCore\Debug\libArduinoCore.a(Print.o)
                0x000039e4                _ZN5Print5writeEPKhj
 .text.libgcc.mul
                0x00003a38       0x20 c:/program files (x86)/atmel/studio/7.0/toolchain/avr8/avr8-gnu-toolchain/bin/../lib/gcc/avr/5.4.0/avr5\libgcc.a(_mulsi3.o)
                0x00003a38                __mulsi3
 .text.libgcc.div
                0x00003a58       0x44 c:/program files (x86)/atmel/studio/7.0/toolchain/avr8/avr8-gnu-toolchain/bin/../lib/gcc/avr/5.4.0/avr5\libgcc.a(_udivmodsi4.o)
                0x00003a58                __udivmodsi4
 .text.libgcc.div
                0x00003a9c       0x2e c:/program files (x86)/atmel/studio/7.0/toolchain/avr8/avr8-gnu-toolchain/bin/../lib/gcc/avr/5.4.0/avr5\libgcc.a(_divmodsi4.o)
                0x00003a9c                __divmodsi4
 .text.libgcc.div
                0x00003aca       0x10 c:/program files (x86)/atmel/studio/7.0/toolchain/avr8/avr8-gnu-toolchain/bin/../lib/gcc/avr/5.4.0/avr5\libgcc.a(_negsi2.o)
                0x00003aca                __negsi2
 .text.libgcc.mul
                0x00003ada       0x16 c:/program files (x86)/atmel/studio/7.0/toolchain/avr8/avr8-gnu-toolchain/bin/../lib/gcc/avr/5.4.0/avr5\libgcc.a(_muluhisi3.o)
                0x00003ada                __muluhisi3
 .text.libgcc   0x00003af0        0xc c:/program files (x86)/atmel/studio/7.0/toolchain/avr8/avr8-gnu-toolchain/bin/../lib/gcc/avr/5.4.0/avr5\libgcc.a(_tablejump2.o)
                0x00003af0                __tablejump2__
 .text.libgcc.mul
                0x00003afc       0x1e c:/program files (x86)/atmel/studio/7.0/toolchain/avr8/avr8-gnu-toolchain/bin/../lib/gcc/avr/5.4.0/avr5\libgcc.a(_umulhisi3.o)
                0x00003afc                __umulhisi3
 .text.avr-libc
                0x00003b1a      0x242 c:/program files (x86)/atmel/studio/7.0/toolchain/avr8/avr8-gnu-toolchain/bin/../lib/gcc/avr/5.4.0/../../../../avr/lib/avr5\libc.a(malloc.o)
                0x00003b1a                malloc
                0x00003c4a                free
 .text.avr-libc
                0x00003d5c      0x18c c:/program files (x86)/atmel/studio/7.0/toolchain/avr8/avr8-gnu-toolchain/bin/../lib/gcc/avr/5.4.0/../../../../avr/lib/avr5\libc.a(realloc.o)
                0x00003d5c                realloc
 .text.avr-libc
                0x00003ee8       0x4e c:/program files (x86)/atmel/studio/7.0/toolchain/avr8/avr8-gnu-toolchain/bin/../lib/gcc/avr/5.4.0/../../../../avr/lib/avr5\libc.a(atol.o)
                0x00003ee8                atol
 .text.avr-libc
                0x00003f36       0x1a c:/program files (x86)/atmel/studio/7.0/toolchain/avr8/avr8-gnu-toolchain/bin/../lib/gcc/avr/5.4.0/../../../../avr/lib/avr5\libc.a(memcmp.o)
                0x00003f36                memcmp
 .text.avr-libc
                0x00003f50       0x12 c:/program files (x86)/atmel/studio/7.0/toolchain/avr8/avr8-gnu-toolchain/bin/../lib/gcc/avr/5.4.0/../../../../avr/lib/avr5\libc.a(memcpy.o)
                0x00003f50                memcpy
 .text.avr-libc
                0x00003f62       0x16 c:/program files (x86)/atmel/studio/7.0/toolchain/avr8/avr8-gnu-toolchain/bin/../lib/gcc/avr/5.4.0/../../../../avr/lib/avr5\libc.a(strchr.o)
                0x00003f62                strchr
 .text.avr-libc
                0x00003f78        0xe c:/program files (x86)/atmel/studio/7.0/toolchain/avr8/avr8-gnu-toolchain/bin/../lib/gcc/avr/5.4.0/../../../../avr/lib/avr5\libc.a(strcpy.o)
                0x00003f78                strcpy
 .text.avr-libc
                0x00003f86       0x1e c:/program files (x86)/atmel/studio/7.0/toolchain/avr8/avr8-gnu-toolchain/bin/../lib/gcc/avr/5.4.0/../../../../avr/lib/avr5\libc.a(strncpy.o)
                0x00003f86                strncpy
 .text.avr-libc
                0x00003fa4       0x16 c:/program files (x86)/atmel/studio/7.0/toolchain/avr8/avr8-gnu-toolchain/bin/../lib/gcc/avr/5.4.0/../../../../avr/lib/avr5\libc.a(itoa_ncheck.o)
                0x00003fa4                __itoa_ncheck
 .text.avr-libc
                0x00003fba       0x2a c:/program files (x86)/atmel/studio/7.0/toolchain/avr8/avr8-gnu-toolchain/bin/../lib/gcc/avr/5.4.0/../../../../avr/lib/avr5\libc.a(mulsi10.o)
                0x00003fba                __mulsi_const_10
 .text.avr-libc
                0x00003fe4       0x34 c:/program files (x86)/atmel/studio/7.0/toolchain/avr8/avr8-gnu-toolchain/bin/../lib/gcc/avr/5.4.0/../../../../avr/lib/avr5\libc.a(utoa_ncheck.o)
                0x00003fe4                __utoa_ncheck
                0x00003fe6                __utoa_common
 .text.avr-libc
                0x00004018       0x20 c:/program files (x86)/atmel/studio/7.0/toolchain/avr8/avr8-gnu-toolchain/bin/../lib/gcc/avr/5.4.0/../../../../avr/lib/avr5\libc.a(strrev.o)
                0x00004018                strrev
 .text.libgcc.prologue
                0x00004038       0x38 c:/program files (x86)/atmel/studio/7.0/toolchain/avr8/avr8-gnu-toolchain/bin/../lib/gcc/avr/5.4.0/avr5\libgcc.a(_prologue.o)
                0x00004038                __prologue_saves__
 .text.libgcc.prologue
                0x00004070       0x36 c:/program files (x86)/atmel/studio/7.0/toolchain/avr8/avr8-gnu-toolchain/bin/../lib/gcc/avr/5.4.0/avr5\libgcc.a(_epilogue.o)
                0x00004070                __epilogue_restores__
                0x000040a6                . = ALIGN (0x2)
 *(.fini9)
 .fini9         0x000040a6        0x0 c:/program files (x86)/atmel/studio/7.0/toolchain/avr8/avr8-gnu-toolchain/bin/../lib/gcc/avr/5.4.0/avr5\libgcc.a(_exit.o)
                0x000040a6                _exit
                0x000040a6                exit
 *(.fini9)
 *(.fini8)
 *(.fini8)
 *(.fini7)
 *(.fini7)
 *(.fini6)
 .fini6         0x000040a6       0x16 c:/program files (x86)/atmel/studio/7.0/toolchain/avr8/avr8-gnu-toolchain/bin/../lib/gcc/avr/5.4.0/avr5\libgcc.a(_dtors.o)
                0x000040a6                __do_global_dtors
 *(.fini6)
 *(.fini5)
 *(.fini5)
 *(.fini4)
 *(.fini4)
 *(.fini3)
 *(.fini3)
 *(.fini2)
 *(.fini2)
 *(.fini1)
 *(.fini1)
 *(.fini0)
 .fini0         0x000040bc        0x4 c:/program files (x86)/atmel/studio/7.0/toolchain/avr8/avr8-gnu-toolchain/bin/../lib/gcc/avr/5.4.0/avr5\libgcc.a(_exit.o)
 *(.fini0)
                0x000040c0                _etext = .

.data           0x00800100       0xe2 load address 0x000040c0
                0x00800100                PROVIDE (__data_start, .)
 *(.data)
 .data          0x00800100        0x6 c:/program files (x86)/atmel/studio/7.0/toolchain/avr8/avr8-gnu-toolchain/bin/../lib/gcc/avr/5.4.0/../../../../avr/lib/avr5\libc.a(malloc.o)
                0x00800100                __malloc_heap_end
                0x00800102                __malloc_heap_start
                0x00800104                __malloc_margin
 *(.data*)
 .data.Screen   0x00800106        0x2 main.o
                0x00800106                Screen
 .data.analog_reference
                0x00800108        0x1 E:\Microchip projects\ArduinoSketch1\ArduinoSketch1\ArduinoCore\Debug\libArduinoCore.a(wiring_analog.o)
                0x00800108                analog_reference
 .data._ZN8SdVolume17cacheBlockNumber_E
                0x00800109        0x4 E:\Microchip projects\ArduinoSketch1\ArduinoSketch1\ArduinoCore\Debug\libArduinoCore.a(SdVolume.o)
                0x00800109                _ZN8SdVolume17cacheBlockNumber_E
 *(.gnu.linkonce.d*)
 *(.rodata)
 *(.rodata*)
 .rodata.str1.1
                0x0080010d       0xa2 main.o
                                 0xbc (size before relaxing)
 .rodata.str1.1
                0x008001af        0x1 E:\Microchip projects\ArduinoSketch1\ArduinoSketch1\ArduinoCore\Debug\libArduinoCore.a(Stream.o)
 .rodata._ZTVN5SDLib4FileE
                0x008001af       0x12 E:\Microchip projects\ArduinoSketch1\ArduinoSketch1\ArduinoCore\Debug\libArduinoCore.a(File.o)
                0x008001af                _ZTVN5SDLib4FileE
 .rodata.str1.1
                0x008001c1        0x2 E:\Microchip projects\ArduinoSketch1\ArduinoSketch1\ArduinoCore\Debug\libArduinoCore.a(SD.o)
 .rodata._ZTV6SdFile
                0x008001c3        0xc E:\Microchip projects\ArduinoSketch1\ArduinoSketch1\ArduinoCore\Debug\libArduinoCore.a(SdFile.o)
                0x008001c3                _ZTV6SdFile
 .rodata._ZTV14HardwareSerial
                0x008001cf       0x12 E:\Microchip projects\ArduinoSketch1\ArduinoSketch1\ArduinoCore\Debug\libArduinoCore.a(HardwareSerial.o)
                0x008001cf                _ZTV14HardwareSerial
 *(.gnu.linkonce.r*)
                0x008001e2                . = ALIGN (0x2)
 *fill*         0x008001e1        0x1 
                0x008001e2                _edata = .
                0x008001e2                PROVIDE (__data_end, .)

.bss            0x008001e2      0x353
                0x008001e2                PROVIDE (__bss_start, .)
 *(.bss)
 *(.bss*)
 .bss.Row       0x008001e2        0x2 main.o
                0x008001e2                Row
 .bss.BACKval   0x008001e4        0x1 main.o
                0x008001e4                BACKval
 .bss.SELval    0x008001e5        0x1 main.o
                0x008001e5                SELval
 .bss.DOWNval   0x008001e6        0x1 main.o
                0x008001e6                DOWNval
 .bss.UPval     0x008001e7        0x1 main.o
                0x008001e7                UPval
 .bss.RECval    0x008001e8        0x1 main.o
                0x008001e8                RECval
 .bss.f_name    0x008001e9        0x6 main.o
                0x008001e9                f_name
 .bss.line      0x008001ef        0x6 main.o
                0x008001ef                line
 .bss.myfile_R  0x008001f5       0x1b main.o
                0x008001f5                myfile_R
 .bss.myfile    0x00800210       0x1b main.o
                0x00800210                myfile
 .bss.s         0x0080022b        0x6 main.o
                0x0080022b                s
 .bss.timer0_fract
                0x00800231        0x1 E:\Microchip projects\ArduinoSketch1\ArduinoSketch1\ArduinoCore\Debug\libArduinoCore.a(wiring.o)
 .bss.timer0_millis
                0x00800232        0x4 E:\Microchip projects\ArduinoSketch1\ArduinoSketch1\ArduinoCore\Debug\libArduinoCore.a(wiring.o)
                0x00800232                timer0_millis
 .bss.timer0_overflow_count
                0x00800236        0x4 E:\Microchip projects\ArduinoSketch1\ArduinoSketch1\ArduinoCore\Debug\libArduinoCore.a(wiring.o)
                0x00800236                timer0_overflow_count
 .bss._ZZN6StringixEjE19dummy_writable_char
                0x0080023a        0x1 E:\Microchip projects\ArduinoSketch1\ArduinoSketch1\ArduinoCore\Debug\libArduinoCore.a(WString.o)
 .bss._ZN5SDLib2SDE
                0x0080023b       0x49 E:\Microchip projects\ArduinoSketch1\ArduinoSketch1\ArduinoCore\Debug\libArduinoCore.a(SD.o)
                0x0080023b                _ZN5SDLib2SDE
 .bss._ZL20chip_select_asserted
                0x00800284        0x1 E:\Microchip projects\ArduinoSketch1\ArduinoSketch1\ArduinoCore\Debug\libArduinoCore.a(Sd2Card.o)
 .bss._ZL8settings
                0x00800285        0x2 E:\Microchip projects\ArduinoSketch1\ArduinoSketch1\ArduinoCore\Debug\libArduinoCore.a(Sd2Card.o)
 .bss._ZN6SdFile9dateTime_E
                0x00800287        0x2 E:\Microchip projects\ArduinoSketch1\ArduinoSketch1\ArduinoCore\Debug\libArduinoCore.a(SdFile.o)
                0x00800287                _ZN6SdFile9dateTime_E
 .bss._ZN8SdVolume17cacheMirrorBlock_E
                0x00800289        0x4 E:\Microchip projects\ArduinoSketch1\ArduinoSketch1\ArduinoCore\Debug\libArduinoCore.a(SdVolume.o)
                0x00800289                _ZN8SdVolume17cacheMirrorBlock_E
 .bss._ZN8SdVolume11cacheDirty_E
                0x0080028d        0x1 E:\Microchip projects\ArduinoSketch1\ArduinoSketch1\ArduinoCore\Debug\libArduinoCore.a(SdVolume.o)
                0x0080028d                _ZN8SdVolume11cacheDirty_E
 .bss._ZN8SdVolume7sdCard_E
                0x0080028e        0x2 E:\Microchip projects\ArduinoSketch1\ArduinoSketch1\ArduinoCore\Debug\libArduinoCore.a(SdVolume.o)
                0x0080028e                _ZN8SdVolume7sdCard_E
 .bss._ZN8SdVolume12cacheBuffer_E
                0x00800290      0x200 E:\Microchip projects\ArduinoSketch1\ArduinoSketch1\ArduinoCore\Debug\libArduinoCore.a(SdVolume.o)
                0x00800290                _ZN8SdVolume12cacheBuffer_E
 .bss._ZN8SPIClass13interruptSaveE
                0x00800490        0x1 E:\Microchip projects\ArduinoSketch1\ArduinoSketch1\ArduinoCore\Debug\libArduinoCore.a(SPI.o)
                0x00800490                _ZN8SPIClass13interruptSaveE
 .bss._ZN8SPIClass13interruptMaskE
                0x00800491        0x1 E:\Microchip projects\ArduinoSketch1\ArduinoSketch1\ArduinoCore\Debug\libArduinoCore.a(SPI.o)
                0x00800491                _ZN8SPIClass13interruptMaskE
 .bss._ZN8SPIClass13interruptModeE
                0x00800492        0x1 E:\Microchip projects\ArduinoSketch1\ArduinoSketch1\ArduinoCore\Debug\libArduinoCore.a(SPI.o)
                0x00800492                _ZN8SPIClass13interruptModeE
 .bss._ZN8SPIClass11initializedE
                0x00800493        0x1 E:\Microchip projects\ArduinoSketch1\ArduinoSketch1\ArduinoCore\Debug\libArduinoCore.a(SPI.o)
                0x00800493                _ZN8SPIClass11initializedE
 .bss.Serial    0x00800494       0x9d E:\Microchip projects\ArduinoSketch1\ArduinoSketch1\ArduinoCore\Debug\libArduinoCore.a(HardwareSerial0.o)
                0x00800494                Serial
 *(COMMON)
 COMMON         0x00800531        0x4 c:/program files (x86)/atmel/studio/7.0/toolchain/avr8/avr8-gnu-toolchain/bin/../lib/gcc/avr/5.4.0/../../../../avr/lib/avr5\libc.a(malloc.o)
                0x00800531                __brkval
                0x00800533                __flp
                0x00800535                PROVIDE (__bss_end, .)
                0x000040c0                __data_load_start = LOADADDR (.data)
                0x000041a2                __data_load_end = (__data_load_start + SIZEOF (.data))

.noinit         0x00800535        0x0
                [!provide]                PROVIDE (__noinit_start, .)
 *(.noinit*)
                [!provide]                PROVIDE (__noinit_end, .)
                0x00800535                _end = .
                0x00800535                PROVIDE (__heap_start, .)

.eeprom         0x00810000        0x0
 *(.eeprom*)
                0x00810000                __eeprom_end = .

.fuse
 *(.fuse)
 *(.lfuse)
 *(.hfuse)
 *(.efuse)

.lock
 *(.lock*)

.signature
 *(.signature*)

.user_signatures
 *(.user_signatures*)

.stab
 *(.stab)

.stabstr
 *(.stabstr)

.stab.excl
 *(.stab.excl)

.stab.exclstr
 *(.stab.exclstr)

.stab.index
 *(.stab.index)

.stab.indexstr
 *(.stab.indexstr)

.comment        0x00000000       0x30
 *(.comment)
 .comment       0x00000000       0x30 main.o
                                 0x31 (size before relaxing)
 .comment       0x00000030       0x31 E:\Microchip projects\ArduinoSketch1\ArduinoSketch1\ArduinoCore\Debug\libArduinoCore.a(Stream.o)
 .comment       0x00000030       0x31 E:\Microchip projects\ArduinoSketch1\ArduinoSketch1\ArduinoCore\Debug\libArduinoCore.a(wiring.o)
 .comment       0x00000030       0x31 E:\Microchip projects\ArduinoSketch1\ArduinoSketch1\ArduinoCore\Debug\libArduinoCore.a(wiring_analog.o)
 .comment       0x00000030       0x31 E:\Microchip projects\ArduinoSketch1\ArduinoSketch1\ArduinoCore\Debug\libArduinoCore.a(wiring_digital.o)
 .comment       0x00000030       0x31 E:\Microchip projects\ArduinoSketch1\ArduinoSketch1\ArduinoCore\Debug\libArduinoCore.a(WMath.o)
 .comment       0x00000030       0x31 E:\Microchip projects\ArduinoSketch1\ArduinoSketch1\ArduinoCore\Debug\libArduinoCore.a(WString.o)
 .comment       0x00000030       0x31 E:\Microchip projects\ArduinoSketch1\ArduinoSketch1\ArduinoCore\Debug\libArduinoCore.a(File.o)
 .comment       0x00000030       0x31 E:\Microchip projects\ArduinoSketch1\ArduinoSketch1\ArduinoCore\Debug\libArduinoCore.a(SD.o)
 .comment       0x00000030       0x31 E:\Microchip projects\ArduinoSketch1\ArduinoSketch1\ArduinoCore\Debug\libArduinoCore.a(Sd2Card.o)
 .comment       0x00000030       0x31 E:\Microchip projects\ArduinoSketch1\ArduinoSketch1\ArduinoCore\Debug\libArduinoCore.a(SdFile.o)
 .comment       0x00000030       0x31 E:\Microchip projects\ArduinoSketch1\ArduinoSketch1\ArduinoCore\Debug\libArduinoCore.a(SdVolume.o)
 .comment       0x00000030       0x31 E:\Microchip projects\ArduinoSketch1\ArduinoSketch1\ArduinoCore\Debug\libArduinoCore.a(SPI.o)
 .comment       0x00000030       0x31 E:\Microchip projects\ArduinoSketch1\ArduinoSketch1\ArduinoCore\Debug\libArduinoCore.a(HardwareSerial.o)
 .comment       0x00000030       0x31 E:\Microchip projects\ArduinoSketch1\ArduinoSketch1\ArduinoCore\Debug\libArduinoCore.a(HardwareSerial0.o)
 .comment       0x00000030       0x31 E:\Microchip projects\ArduinoSketch1\ArduinoSketch1\ArduinoCore\Debug\libArduinoCore.a(Print.o)
 .comment       0x00000030       0x31 c:/program files (x86)/atmel/studio/7.0/toolchain/avr8/avr8-gnu-toolchain/bin/../lib/gcc/avr/5.4.0/../../../../avr/lib/avr5\libc.a(malloc.o)
 .comment       0x00000030       0x31 c:/program files (x86)/atmel/studio/7.0/toolchain/avr8/avr8-gnu-toolchain/bin/../lib/gcc/avr/5.4.0/../../../../avr/lib/avr5\libc.a(realloc.o)

.note.gnu.avr.deviceinfo
                0x00000000       0x40
 .note.gnu.avr.deviceinfo
                0x00000000       0x40 C:/Program Files (x86)/Atmel/Studio/7.0/Packs/atmel/ATmega_DFP/1.6.364/gcc/dev/atmega328p/avr5/crtatmega328p.o

.note.gnu.build-id
 *(.note.gnu.build-id)

.debug
 *(.debug)

.line
 *(.line)

.debug_srcinfo
 *(.debug_srcinfo)

.debug_sfnames
 *(.debug_sfnames)

.debug_aranges  0x00000000      0xb38
 *(.debug_aranges)
 .debug_aranges
                0x00000000       0xf0 main.o
 .debug_aranges
                0x000000f0       0x98 E:\Microchip projects\ArduinoSketch1\ArduinoSketch1\ArduinoCore\Debug\libArduinoCore.a(Stream.o)
 .debug_aranges
                0x00000188       0x48 E:\Microchip projects\ArduinoSketch1\ArduinoSketch1\ArduinoCore\Debug\libArduinoCore.a(wiring.o)
 .debug_aranges
                0x000001d0       0x30 E:\Microchip projects\ArduinoSketch1\ArduinoSketch1\ArduinoCore\Debug\libArduinoCore.a(wiring_analog.o)
 .debug_aranges
                0x00000200       0x38 E:\Microchip projects\ArduinoSketch1\ArduinoSketch1\ArduinoCore\Debug\libArduinoCore.a(wiring_digital.o)
 .debug_aranges
                0x00000238       0x48 E:\Microchip projects\ArduinoSketch1\ArduinoSketch1\ArduinoCore\Debug\libArduinoCore.a(WMath.o)
 .debug_aranges
                0x00000280      0x2b8 E:\Microchip projects\ArduinoSketch1\ArduinoSketch1\ArduinoCore\Debug\libArduinoCore.a(WString.o)
 .debug_aranges
                0x00000538       0xb8 E:\Microchip projects\ArduinoSketch1\ArduinoSketch1\ArduinoCore\Debug\libArduinoCore.a(File.o)
 .debug_aranges
                0x000005f0       0xb8 E:\Microchip projects\ArduinoSketch1\ArduinoSketch1\ArduinoCore\Debug\libArduinoCore.a(SD.o)
 .debug_aranges
                0x000006a8      0x100 E:\Microchip projects\ArduinoSketch1\ArduinoSketch1\ArduinoCore\Debug\libArduinoCore.a(Sd2Card.o)
 .debug_aranges
                0x000007a8      0x140 E:\Microchip projects\ArduinoSketch1\ArduinoSketch1\ArduinoCore\Debug\libArduinoCore.a(SdFile.o)
 .debug_aranges
                0x000008e8       0x68 E:\Microchip projects\ArduinoSketch1\ArduinoSketch1\ArduinoCore\Debug\libArduinoCore.a(SdVolume.o)
 .debug_aranges
                0x00000950       0x38 E:\Microchip projects\ArduinoSketch1\ArduinoSketch1\ArduinoCore\Debug\libArduinoCore.a(SPI.o)
 .debug_aranges
                0x00000988       0x68 E:\Microchip projects\ArduinoSketch1\ArduinoSketch1\ArduinoCore\Debug\libArduinoCore.a(HardwareSerial.o)
 .debug_aranges
                0x000009f0       0x48 E:\Microchip projects\ArduinoSketch1\ArduinoSketch1\ArduinoCore\Debug\libArduinoCore.a(HardwareSerial0.o)
 .debug_aranges
                0x00000a38      0x100 E:\Microchip projects\ArduinoSketch1\ArduinoSketch1\ArduinoCore\Debug\libArduinoCore.a(Print.o)

.debug_pubnames
 *(.debug_pubnames)

.debug_info     0x00000000    0x25436
 *(.debug_info .gnu.linkonce.wi.*)
 .debug_info    0x00000000      0x5f4 C:/Program Files (x86)/Atmel/Studio/7.0/Packs/atmel/ATmega_DFP/1.6.364/gcc/dev/atmega328p/avr5/crtatmega328p.o
 .debug_info    0x000005f4     0x4ebb main.o
 .debug_info    0x000054af     0x2157 E:\Microchip projects\ArduinoSketch1\ArduinoSketch1\ArduinoCore\Debug\libArduinoCore.a(Stream.o)
 .debug_info    0x00007606      0x2cb E:\Microchip projects\ArduinoSketch1\ArduinoSketch1\ArduinoCore\Debug\libArduinoCore.a(wiring.o)
 .debug_info    0x000078d1      0x26d E:\Microchip projects\ArduinoSketch1\ArduinoSketch1\ArduinoCore\Debug\libArduinoCore.a(wiring_analog.o)
 .debug_info    0x00007b3e      0x5fe E:\Microchip projects\ArduinoSketch1\ArduinoSketch1\ArduinoCore\Debug\libArduinoCore.a(wiring_digital.o)
 .debug_info    0x0000813c      0x230 E:\Microchip projects\ArduinoSketch1\ArduinoSketch1\ArduinoCore\Debug\libArduinoCore.a(WMath.o)
 .debug_info    0x0000836c     0x4338 E:\Microchip projects\ArduinoSketch1\ArduinoSketch1\ArduinoCore\Debug\libArduinoCore.a(WString.o)
 .debug_info    0x0000c6a4     0x2c32 E:\Microchip projects\ArduinoSketch1\ArduinoSketch1\ArduinoCore\Debug\libArduinoCore.a(File.o)
 .debug_info    0x0000f2d6     0x4e30 E:\Microchip projects\ArduinoSketch1\ArduinoSketch1\ArduinoCore\Debug\libArduinoCore.a(SD.o)
 .debug_info    0x00014106     0x310d E:\Microchip projects\ArduinoSketch1\ArduinoSketch1\ArduinoCore\Debug\libArduinoCore.a(Sd2Card.o)
 .debug_info    0x00017213     0x50d1 E:\Microchip projects\ArduinoSketch1\ArduinoSketch1\ArduinoCore\Debug\libArduinoCore.a(SdFile.o)
 .debug_info    0x0001c2e4     0x276e E:\Microchip projects\ArduinoSketch1\ArduinoSketch1\ArduinoCore\Debug\libArduinoCore.a(SdVolume.o)
 .debug_info    0x0001ea52      0x66b E:\Microchip projects\ArduinoSketch1\ArduinoSketch1\ArduinoCore\Debug\libArduinoCore.a(SPI.o)
 .debug_info    0x0001f0bd     0x1f64 E:\Microchip projects\ArduinoSketch1\ArduinoSketch1\ArduinoCore\Debug\libArduinoCore.a(HardwareSerial.o)
 .debug_info    0x00021021     0x1b16 E:\Microchip projects\ArduinoSketch1\ArduinoSketch1\ArduinoCore\Debug\libArduinoCore.a(HardwareSerial0.o)
 .debug_info    0x00022b37     0x28ff E:\Microchip projects\ArduinoSketch1\ArduinoSketch1\ArduinoCore\Debug\libArduinoCore.a(Print.o)

.debug_abbrev   0x00000000     0x4dc3
 *(.debug_abbrev)
 .debug_abbrev  0x00000000      0x5a2 C:/Program Files (x86)/Atmel/Studio/7.0/Packs/atmel/ATmega_DFP/1.6.364/gcc/dev/atmega328p/avr5/crtatmega328p.o
 .debug_abbrev  0x000005a2      0x8c8 main.o
 .debug_abbrev  0x00000e6a      0x478 E:\Microchip projects\ArduinoSketch1\ArduinoSketch1\ArduinoCore\Debug\libArduinoCore.a(Stream.o)
 .debug_abbrev  0x000012e2      0x146 E:\Microchip projects\ArduinoSketch1\ArduinoSketch1\ArduinoCore\Debug\libArduinoCore.a(wiring.o)
 .debug_abbrev  0x00001428      0x16b E:\Microchip projects\ArduinoSketch1\ArduinoSketch1\ArduinoCore\Debug\libArduinoCore.a(wiring_analog.o)
 .debug_abbrev  0x00001593      0x15b E:\Microchip projects\ArduinoSketch1\ArduinoSketch1\ArduinoCore\Debug\libArduinoCore.a(wiring_digital.o)
 .debug_abbrev  0x000016ee      0x12b E:\Microchip projects\ArduinoSketch1\ArduinoSketch1\ArduinoCore\Debug\libArduinoCore.a(WMath.o)
 .debug_abbrev  0x00001819      0x4c2 E:\Microchip projects\ArduinoSketch1\ArduinoSketch1\ArduinoCore\Debug\libArduinoCore.a(WString.o)
 .debug_abbrev  0x00001cdb      0x551 E:\Microchip projects\ArduinoSketch1\ArduinoSketch1\ArduinoCore\Debug\libArduinoCore.a(File.o)
 .debug_abbrev  0x0000222c      0x840 E:\Microchip projects\ArduinoSketch1\ArduinoSketch1\ArduinoCore\Debug\libArduinoCore.a(SD.o)
 .debug_abbrev  0x00002a6c      0x640 E:\Microchip projects\ArduinoSketch1\ArduinoSketch1\ArduinoCore\Debug\libArduinoCore.a(Sd2Card.o)
 .debug_abbrev  0x000030ac      0x810 E:\Microchip projects\ArduinoSketch1\ArduinoSketch1\ArduinoCore\Debug\libArduinoCore.a(SdFile.o)
 .debug_abbrev  0x000038bc      0x585 E:\Microchip projects\ArduinoSketch1\ArduinoSketch1\ArduinoCore\Debug\libArduinoCore.a(SdVolume.o)
 .debug_abbrev  0x00003e41      0x283 E:\Microchip projects\ArduinoSketch1\ArduinoSketch1\ArduinoCore\Debug\libArduinoCore.a(SPI.o)
 .debug_abbrev  0x000040c4      0x4b7 E:\Microchip projects\ArduinoSketch1\ArduinoSketch1\ArduinoCore\Debug\libArduinoCore.a(HardwareSerial.o)
 .debug_abbrev  0x0000457b      0x3ce E:\Microchip projects\ArduinoSketch1\ArduinoSketch1\ArduinoCore\Debug\libArduinoCore.a(HardwareSerial0.o)
 .debug_abbrev  0x00004949      0x47a E:\Microchip projects\ArduinoSketch1\ArduinoSketch1\ArduinoCore\Debug\libArduinoCore.a(Print.o)

.debug_line     0x00000000     0x7185
 *(.debug_line .debug_line.* .debug_line_end)
 .debug_line    0x00000000      0x134 C:/Program Files (x86)/Atmel/Studio/7.0/Packs/atmel/ATmega_DFP/1.6.364/gcc/dev/atmega328p/avr5/crtatmega328p.o
 .debug_line    0x00000134      0xba4 main.o
 .debug_line    0x00000cd8      0x5f7 E:\Microchip projects\ArduinoSketch1\ArduinoSketch1\ArduinoCore\Debug\libArduinoCore.a(Stream.o)
 .debug_line    0x000012cf      0x299 E:\Microchip projects\ArduinoSketch1\ArduinoSketch1\ArduinoCore\Debug\libArduinoCore.a(wiring.o)
 .debug_line    0x00001568      0x20f E:\Microchip projects\ArduinoSketch1\ArduinoSketch1\ArduinoCore\Debug\libArduinoCore.a(wiring_analog.o)
 .debug_line    0x00001777      0x252 E:\Microchip projects\ArduinoSketch1\ArduinoSketch1\ArduinoCore\Debug\libArduinoCore.a(wiring_digital.o)
 .debug_line    0x000019c9      0x143 E:\Microchip projects\ArduinoSketch1\ArduinoSketch1\ArduinoCore\Debug\libArduinoCore.a(WMath.o)
 .debug_line    0x00001b0c     0x1360 E:\Microchip projects\ArduinoSketch1\ArduinoSketch1\ArduinoCore\Debug\libArduinoCore.a(WString.o)
 .debug_line    0x00002e6c      0x5c8 E:\Microchip projects\ArduinoSketch1\ArduinoSketch1\ArduinoCore\Debug\libArduinoCore.a(File.o)
 .debug_line    0x00003434      0x80c E:\Microchip projects\ArduinoSketch1\ArduinoSketch1\ArduinoCore\Debug\libArduinoCore.a(SD.o)
 .debug_line    0x00003c40      0xb95 E:\Microchip projects\ArduinoSketch1\ArduinoSketch1\ArduinoCore\Debug\libArduinoCore.a(Sd2Card.o)
 .debug_line    0x000047d5     0x1301 E:\Microchip projects\ArduinoSketch1\ArduinoSketch1\ArduinoCore\Debug\libArduinoCore.a(SdFile.o)
 .debug_line    0x00005ad6      0x5f7 E:\Microchip projects\ArduinoSketch1\ArduinoSketch1\ArduinoCore\Debug\libArduinoCore.a(SdVolume.o)
 .debug_line    0x000060cd      0x2e3 E:\Microchip projects\ArduinoSketch1\ArduinoSketch1\ArduinoCore\Debug\libArduinoCore.a(SPI.o)
 .debug_line    0x000063b0      0x4c4 E:\Microchip projects\ArduinoSketch1\ArduinoSketch1\ArduinoCore\Debug\libArduinoCore.a(HardwareSerial.o)
 .debug_line    0x00006874      0x28c E:\Microchip projects\ArduinoSketch1\ArduinoSketch1\ArduinoCore\Debug\libArduinoCore.a(HardwareSerial0.o)
 .debug_line    0x00006b00      0x685 E:\Microchip projects\ArduinoSketch1\ArduinoSketch1\ArduinoCore\Debug\libArduinoCore.a(Print.o)

.debug_frame    0x00000000     0x2b28
 *(.debug_frame)
 .debug_frame   0x00000000      0x240 main.o
 .debug_frame   0x00000240      0x2e4 E:\Microchip projects\ArduinoSketch1\ArduinoSketch1\ArduinoCore\Debug\libArduinoCore.a(Stream.o)
 .debug_frame   0x00000524       0xc4 E:\Microchip projects\ArduinoSketch1\ArduinoSketch1\ArduinoCore\Debug\libArduinoCore.a(wiring.o)
 .debug_frame   0x000005e8       0x54 E:\Microchip projects\ArduinoSketch1\ArduinoSketch1\ArduinoCore\Debug\libArduinoCore.a(wiring_analog.o)
 .debug_frame   0x0000063c       0x7c E:\Microchip projects\ArduinoSketch1\ArduinoSketch1\ArduinoCore\Debug\libArduinoCore.a(wiring_digital.o)
 .debug_frame   0x000006b8       0xf4 E:\Microchip projects\ArduinoSketch1\ArduinoSketch1\ArduinoCore\Debug\libArduinoCore.a(WMath.o)
 .debug_frame   0x000007ac      0xa60 E:\Microchip projects\ArduinoSketch1\ArduinoSketch1\ArduinoCore\Debug\libArduinoCore.a(WString.o)
 .debug_frame   0x0000120c      0x1e0 E:\Microchip projects\ArduinoSketch1\ArduinoSketch1\ArduinoCore\Debug\libArduinoCore.a(File.o)
 .debug_frame   0x000013ec      0x324 E:\Microchip projects\ArduinoSketch1\ArduinoSketch1\ArduinoCore\Debug\libArduinoCore.a(SD.o)
 .debug_frame   0x00001710      0x464 E:\Microchip projects\ArduinoSketch1\ArduinoSketch1\ArduinoCore\Debug\libArduinoCore.a(Sd2Card.o)
 .debug_frame   0x00001b74      0x71c E:\Microchip projects\ArduinoSketch1\ArduinoSketch1\ArduinoCore\Debug\libArduinoCore.a(SdFile.o)
 .debug_frame   0x00002290      0x2a0 E:\Microchip projects\ArduinoSketch1\ArduinoSketch1\ArduinoCore\Debug\libArduinoCore.a(SdVolume.o)
 .debug_frame   0x00002530       0x5c E:\Microchip projects\ArduinoSketch1\ArduinoSketch1\ArduinoCore\Debug\libArduinoCore.a(SPI.o)
 .debug_frame   0x0000258c      0x110 E:\Microchip projects\ArduinoSketch1\ArduinoSketch1\ArduinoCore\Debug\libArduinoCore.a(HardwareSerial.o)
 .debug_frame   0x0000269c       0xe0 E:\Microchip projects\ArduinoSketch1\ArduinoSketch1\ArduinoCore\Debug\libArduinoCore.a(HardwareSerial0.o)
 .debug_frame   0x0000277c      0x3ac E:\Microchip projects\ArduinoSketch1\ArduinoSketch1\ArduinoCore\Debug\libArduinoCore.a(Print.o)

.debug_str      0x00000000     0x57f7
 *(.debug_str)
 .debug_str     0x00000000      0x208 C:/Program Files (x86)/Atmel/Studio/7.0/Packs/atmel/ATmega_DFP/1.6.364/gcc/dev/atmega328p/avr5/crtatmega328p.o
 .debug_str     0x00000208     0x2f4a main.o
                               0x30e1 (size before relaxing)
 .debug_str     0x00003152       0xdc E:\Microchip projects\ArduinoSketch1\ArduinoSketch1\ArduinoCore\Debug\libArduinoCore.a(Stream.o)
                               0x1257 (size before relaxing)
 .debug_str     0x0000322e      0x14d E:\Microchip projects\ArduinoSketch1\ArduinoSketch1\ArduinoCore\Debug\libArduinoCore.a(wiring.o)
                                0x23b (size before relaxing)
 .debug_str     0x0000337b       0x89 E:\Microchip projects\ArduinoSketch1\ArduinoSketch1\ArduinoCore\Debug\libArduinoCore.a(wiring_analog.o)
                                0x23f (size before relaxing)
 .debug_str     0x00003404       0xa4 E:\Microchip projects\ArduinoSketch1\ArduinoSketch1\ArduinoCore\Debug\libArduinoCore.a(wiring_digital.o)
                                0x2a0 (size before relaxing)
 .debug_str     0x000034a8       0xa7 E:\Microchip projects\ArduinoSketch1\ArduinoSketch1\ArduinoCore\Debug\libArduinoCore.a(WMath.o)
                                0x23e (size before relaxing)
 .debug_str     0x0000354f      0x3fb E:\Microchip projects\ArduinoSketch1\ArduinoSketch1\ArduinoCore\Debug\libArduinoCore.a(WString.o)
                               0x1186 (size before relaxing)
 .debug_str     0x0000394a      0x446 E:\Microchip projects\ArduinoSketch1\ArduinoSketch1\ArduinoCore\Debug\libArduinoCore.a(File.o)
                               0x1df9 (size before relaxing)
 .debug_str     0x00003d90      0x460 E:\Microchip projects\ArduinoSketch1\ArduinoSketch1\ArduinoCore\Debug\libArduinoCore.a(SD.o)
                               0x2eb9 (size before relaxing)
 .debug_str     0x000041f0      0x45a E:\Microchip projects\ArduinoSketch1\ArduinoSketch1\ArduinoCore\Debug\libArduinoCore.a(Sd2Card.o)
                               0x1309 (size before relaxing)
 .debug_str     0x0000464a      0x932 E:\Microchip projects\ArduinoSketch1\ArduinoSketch1\ArduinoCore\Debug\libArduinoCore.a(SdFile.o)
                               0x281c (size before relaxing)
 .debug_str     0x00004f7c       0xfb E:\Microchip projects\ArduinoSketch1\ArduinoSketch1\ArduinoCore\Debug\libArduinoCore.a(SdVolume.o)
                               0x1b9c (size before relaxing)
 .debug_str     0x00005077       0xa4 E:\Microchip projects\ArduinoSketch1\ArduinoSketch1\ArduinoCore\Debug\libArduinoCore.a(SPI.o)
                                0x69e (size before relaxing)
 .debug_str     0x0000511b      0x3be E:\Microchip projects\ArduinoSketch1\ArduinoSketch1\ArduinoCore\Debug\libArduinoCore.a(HardwareSerial.o)
                               0x1606 (size before relaxing)
 .debug_str     0x000054d9       0x47 E:\Microchip projects\ArduinoSketch1\ArduinoSketch1\ArduinoCore\Debug\libArduinoCore.a(HardwareSerial0.o)
                               0x13f9 (size before relaxing)
 .debug_str     0x00005520      0x2d7 E:\Microchip projects\ArduinoSketch1\ArduinoSketch1\ArduinoCore\Debug\libArduinoCore.a(Print.o)
                               0x1233 (size before relaxing)

.debug_loc      0x00000000    0x1159c
 *(.debug_loc)
 .debug_loc     0x00000000      0x4e7 main.o
 .debug_loc     0x000004e7     0x143b E:\Microchip projects\ArduinoSketch1\ArduinoSketch1\ArduinoCore\Debug\libArduinoCore.a(Stream.o)
 .debug_loc     0x00001922      0x28d E:\Microchip projects\ArduinoSketch1\ArduinoSketch1\ArduinoCore\Debug\libArduinoCore.a(wiring.o)
 .debug_loc     0x00001baf       0xfe E:\Microchip projects\ArduinoSketch1\ArduinoSketch1\ArduinoCore\Debug\libArduinoCore.a(wiring_analog.o)
 .debug_loc     0x00001cad      0x5fc E:\Microchip projects\ArduinoSketch1\ArduinoSketch1\ArduinoCore\Debug\libArduinoCore.a(wiring_digital.o)
 .debug_loc     0x000022a9      0x3d6 E:\Microchip projects\ArduinoSketch1\ArduinoSketch1\ArduinoCore\Debug\libArduinoCore.a(WMath.o)
 .debug_loc     0x0000267f     0x423d E:\Microchip projects\ArduinoSketch1\ArduinoSketch1\ArduinoCore\Debug\libArduinoCore.a(WString.o)
 .debug_loc     0x000068bc      0x933 E:\Microchip projects\ArduinoSketch1\ArduinoSketch1\ArduinoCore\Debug\libArduinoCore.a(File.o)
 .debug_loc     0x000071ef     0x17f1 E:\Microchip projects\ArduinoSketch1\ArduinoSketch1\ArduinoCore\Debug\libArduinoCore.a(SD.o)
 .debug_loc     0x000089e0     0x214a E:\Microchip projects\ArduinoSketch1\ArduinoSketch1\ArduinoCore\Debug\libArduinoCore.a(Sd2Card.o)
 .debug_loc     0x0000ab2a     0x34be E:\Microchip projects\ArduinoSketch1\ArduinoSketch1\ArduinoCore\Debug\libArduinoCore.a(SdFile.o)
 .debug_loc     0x0000dfe8     0x10bd E:\Microchip projects\ArduinoSketch1\ArduinoSketch1\ArduinoCore\Debug\libArduinoCore.a(SdVolume.o)
 .debug_loc     0x0000f0a5      0x1e4 E:\Microchip projects\ArduinoSketch1\ArduinoSketch1\ArduinoCore\Debug\libArduinoCore.a(SPI.o)
 .debug_loc     0x0000f289      0x4dc E:\Microchip projects\ArduinoSketch1\ArduinoSketch1\ArduinoCore\Debug\libArduinoCore.a(HardwareSerial.o)
 .debug_loc     0x0000f765      0x1b0 E:\Microchip projects\ArduinoSketch1\ArduinoSketch1\ArduinoCore\Debug\libArduinoCore.a(HardwareSerial0.o)
 .debug_loc     0x0000f915     0x1c87 E:\Microchip projects\ArduinoSketch1\ArduinoSketch1\ArduinoCore\Debug\libArduinoCore.a(Print.o)

.debug_macinfo
 *(.debug_macinfo)

.debug_weaknames
 *(.debug_weaknames)

.debug_funcnames
 *(.debug_funcnames)

.debug_typenames
 *(.debug_typenames)

.debug_varnames
 *(.debug_varnames)

.debug_pubtypes
 *(.debug_pubtypes)

.debug_ranges   0x00000000      0xd70
 *(.debug_ranges)
 .debug_ranges  0x00000000      0x110 main.o
 .debug_ranges  0x00000110       0xd0 E:\Microchip projects\ArduinoSketch1\ArduinoSketch1\ArduinoCore\Debug\libArduinoCore.a(Stream.o)
 .debug_ranges  0x000001e0       0x38 E:\Microchip projects\ArduinoSketch1\ArduinoSketch1\ArduinoCore\Debug\libArduinoCore.a(wiring.o)
 .debug_ranges  0x00000218       0x20 E:\Microchip projects\ArduinoSketch1\ArduinoSketch1\ArduinoCore\Debug\libArduinoCore.a(wiring_analog.o)
 .debug_ranges  0x00000238       0x28 E:\Microchip projects\ArduinoSketch1\ArduinoSketch1\ArduinoCore\Debug\libArduinoCore.a(wiring_digital.o)
 .debug_ranges  0x00000260       0x38 E:\Microchip projects\ArduinoSketch1\ArduinoSketch1\ArduinoCore\Debug\libArduinoCore.a(WMath.o)
 .debug_ranges  0x00000298      0x2f8 E:\Microchip projects\ArduinoSketch1\ArduinoSketch1\ArduinoCore\Debug\libArduinoCore.a(WString.o)
 .debug_ranges  0x00000590       0xa8 E:\Microchip projects\ArduinoSketch1\ArduinoSketch1\ArduinoCore\Debug\libArduinoCore.a(File.o)
 .debug_ranges  0x00000638       0xc0 E:\Microchip projects\ArduinoSketch1\ArduinoSketch1\ArduinoCore\Debug\libArduinoCore.a(SD.o)
 .debug_ranges  0x000006f8       0xf0 E:\Microchip projects\ArduinoSketch1\ArduinoSketch1\ArduinoCore\Debug\libArduinoCore.a(Sd2Card.o)
 .debug_ranges  0x000007e8      0x340 E:\Microchip projects\ArduinoSketch1\ArduinoSketch1\ArduinoCore\Debug\libArduinoCore.a(SdFile.o)
 .debug_ranges  0x00000b28       0x70 E:\Microchip projects\ArduinoSketch1\ArduinoSketch1\ArduinoCore\Debug\libArduinoCore.a(SdVolume.o)
 .debug_ranges  0x00000b98       0x28 E:\Microchip projects\ArduinoSketch1\ArduinoSketch1\ArduinoCore\Debug\libArduinoCore.a(SPI.o)
 .debug_ranges  0x00000bc0       0x58 E:\Microchip projects\ArduinoSketch1\ArduinoSketch1\ArduinoCore\Debug\libArduinoCore.a(HardwareSerial.o)
 .debug_ranges  0x00000c18       0x38 E:\Microchip projects\ArduinoSketch1\ArduinoSketch1\ArduinoCore\Debug\libArduinoCore.a(HardwareSerial0.o)
 .debug_ranges  0x00000c50      0x120 E:\Microchip projects\ArduinoSketch1\ArduinoSketch1\ArduinoCore\Debug\libArduinoCore.a(Print.o)

.debug_macro
 *(.debug_macro)
OUTPUT(ADC_input.elf elf32-avr)
LOAD linker stubs
